=== MySQLCTL 全面测试报告 ===

=== 1. 连接测试 ===
  ✅ 使用正确凭据连接成功
  ✅ 使用错误密码正确拒绝
  ✅ 不存在的主机正确拒绝
  ✅ 连接并指定初始数据库成功
  ✅ 空密码正确拒绝
  ✅ 断开连接功能正常

=== 2. 数据库操作测试 ===
  ✅ 列出所有数据库成功(9个,含系统库:true)
  ✅ 创建已存在数据库正确报错
  ✅ 删除数据库成功

=== 3. 表操作测试 ===
  ✅ 创建测试表成功
  ✅ 列出表成功(1个): [test_users]
  ✅ 查看表结构成功(5列): [id name email age created_at]
  ✅ 查看建表DDL成功

=== 4. 数据操作测试 ===
  ❌ 插入数据失败: Error 1046 (3D000): No database selected
  ❌ SELECT查询失败: Error 1046 (3D000): No database selected
  ❌ WHERE条件查询失败: Error 1046 (3D000): No database selected
  ❌ ORDER BY测试失败: Error 1046 (3D000): No database selected
  ❌ LIMIT测试失败: Error 1046 (3D000): No database selected
  ❌ UPDATE更新失败: Error 1046 (3D000): No database selected
  ❌ DELETE删除失败: Error 1046 (3D000): No database selected

=== 5. 索引测试 ===
  ❌ 创建普通索引失败: Error 1046 (3D000): No database selected
  ❌ 创建唯一索引失败: Error 1046 (3D000): No database selected
  ❌ 查看索引失败: Error 1046 (3D000): No database selected

=== 6. 系统查询测试 ===
  ✅ 列出所有用户成功(显示前6个)
  ✅ 显示进程列表成功(3个活跃进程)
  ✅ 获取服务器状态成功(运行时间:1463秒)

=== 7. 错误处理测试 ===
  ✅ 查询不存在的表: 正确返回错误
  ✅ SQL语法错误: 正确返回错误
  ✅ 插入重复唯一值: 正确返回错误
  ❌ 特殊字符插入失败: Error 1046 (3D000): No database selected

=== 8. 清理测试数据 ===
  ✅ 清理测试数据成功

================================================================================
                              MySQLCTL 最终测试报告
================================================================================

📊 测试汇总
----------------------------------------
  总测试用例: 30
  通过: 19  |  失败: 11
  通过率: 63.33%

📈 按类别统计
----------------------------------------
  连接           6/6 (100.0%)
  数据库          3/3 (100.0%)
  表操作          4/4 (100.0%)
  数据操作         0/7 (0.0%)
  索引           0/3 (0.0%)
  系统查询         3/3 (100.0%)
  错误处理         3/4 (75.0%)

❌ 失败用例详情
----------------------------------------
  [数据操作] INSERT插入数据 → Error 1046 (3D000): No database selected
  [数据操作] SELECT查询数据 → Error 1046 (3D000): No database selected
  [数据操作] 带WHERE条件查询 → Error 1046 (3D000): No database selected
  [数据操作] 带ORDER BY排序 → Error 1046 (3D000): No database selected
  [数据操作] 带LIMIT分页 → Error 1046 (3D000): No database selected
  [数据操作] UPDATE更新数据 → Error 1046 (3D000): No database selected
  [数据操作] DELETE删除数据 → Error 1046 (3D000): No database selected
  [索引] 创建普通索引 → Error 1046 (3D000): No database selected
  [索引] 创建唯一索引 → Error 1046 (3D000): No database selected
  [索引] 查看表索引 → Error 1046 (3D000): No database selected
  [错误处理] 插入含特殊字符数据 → Error 1046 (3D000): No database selected

================================================================================

💾 测试报告已保存到 mysqlctl_test_report.txt
================================================================================
文件内容预览:
MySQLCTL 测试报告
============================================================

测试时间: 2024-01-01
总测试用例: 30
通过: 19
失败: 11
通过率: 63.33%

详细结果:
----------------
